// Jest Snapshot v1, https://goo.gl/fbAQLP

exports[`DisplayComparedCards matches the Snapshot 1`] = `
ShallowWrapper {
  "length": 1,
  Symbol(enzyme.__root__): [Circular],
  Symbol(enzyme.__unrendered__): <DisplayComparedCards
    data={
        Object {
            "ACADEMY 20": Object {
              "location": "ACADEMY 20",
              "stats": Object {
                "2004": 0.302,
                "2005": 0.267,
                "2006": 0.354,
                "2007": 0.392,
                "2008": 0.385,
                "2009": 0.39,
                "2010": 0.436,
                "2011": 0.489,
                "2012": 0.479,
                "2013": 0.488,
                "2014": 0.49,
              },
            },
            "COLORADO": Object {
              "location": "COLORADO",
              "stats": Object {
                "2004": 0.24,
                "2005": 0.278,
                "2006": 0.337,
                "2007": 0.395,
                "2008": 0.536,
                "2009": 0.598,
                "2010": 0.64,
                "2011": 0.672,
                "2012": 0.695,
                "2013": 0.703,
                "2014": 0.741,
              },
            },
          }
    }
/>,
  Symbol(enzyme.__renderer__): Object {
    "batchedUpdates": [Function],
    "getNode": [Function],
    "render": [Function],
    "simulateEvent": [Function],
    "unmount": [Function],
  },
  Symbol(enzyme.__node__): Object {
    "instance": null,
    "key": undefined,
    "nodeType": "host",
    "props": Object {
      "children": Array [
        <Card
          findDistrictByClick={undefined}
          location="COLORADO"
          select={undefined}
          stats={
                    Object {
                              "2004": 0.24,
                              "2005": 0.278,
                              "2006": 0.337,
                              "2007": 0.395,
                              "2008": 0.536,
                              "2009": 0.598,
                              "2010": 0.64,
                              "2011": 0.672,
                              "2012": 0.695,
                              "2013": 0.703,
                              "2014": 0.741,
                            }
          }
/>,
        <Card
          findDistrictByClick={undefined}
          location="ACADEMY 20"
          select={undefined}
          stats={
                    Object {
                              "2004": 0.302,
                              "2005": 0.267,
                              "2006": 0.354,
                              "2007": 0.392,
                              "2008": 0.385,
                              "2009": 0.39,
                              "2010": 0.436,
                              "2011": 0.489,
                              "2012": 0.479,
                              "2013": 0.488,
                              "2014": 0.49,
                            }
          }
/>,
      ],
    },
    "ref": null,
    "rendered": Array [
      Object {
        "instance": null,
        "key": "0",
        "nodeType": "function",
        "props": Object {
          "findDistrictByClick": undefined,
          "location": "COLORADO",
          "select": undefined,
          "stats": Object {
            "2004": 0.24,
            "2005": 0.278,
            "2006": 0.337,
            "2007": 0.395,
            "2008": 0.536,
            "2009": 0.598,
            "2010": 0.64,
            "2011": 0.672,
            "2012": 0.695,
            "2013": 0.703,
            "2014": 0.741,
          },
        },
        "ref": null,
        "rendered": null,
        "type": [Function],
      },
      Object {
        "instance": null,
        "key": "1",
        "nodeType": "function",
        "props": Object {
          "findDistrictByClick": undefined,
          "location": "ACADEMY 20",
          "select": undefined,
          "stats": Object {
            "2004": 0.302,
            "2005": 0.267,
            "2006": 0.354,
            "2007": 0.392,
            "2008": 0.385,
            "2009": 0.39,
            "2010": 0.436,
            "2011": 0.489,
            "2012": 0.479,
            "2013": 0.488,
            "2014": 0.49,
          },
        },
        "ref": null,
        "rendered": null,
        "type": [Function],
      },
    ],
    "type": "div",
  },
  Symbol(enzyme.__nodes__): Array [
    Object {
      "instance": null,
      "key": undefined,
      "nodeType": "host",
      "props": Object {
        "children": Array [
          <Card
            findDistrictByClick={undefined}
            location="COLORADO"
            select={undefined}
            stats={
                        Object {
                                    "2004": 0.24,
                                    "2005": 0.278,
                                    "2006": 0.337,
                                    "2007": 0.395,
                                    "2008": 0.536,
                                    "2009": 0.598,
                                    "2010": 0.64,
                                    "2011": 0.672,
                                    "2012": 0.695,
                                    "2013": 0.703,
                                    "2014": 0.741,
                                  }
            }
/>,
          <Card
            findDistrictByClick={undefined}
            location="ACADEMY 20"
            select={undefined}
            stats={
                        Object {
                                    "2004": 0.302,
                                    "2005": 0.267,
                                    "2006": 0.354,
                                    "2007": 0.392,
                                    "2008": 0.385,
                                    "2009": 0.39,
                                    "2010": 0.436,
                                    "2011": 0.489,
                                    "2012": 0.479,
                                    "2013": 0.488,
                                    "2014": 0.49,
                                  }
            }
/>,
        ],
      },
      "ref": null,
      "rendered": Array [
        Object {
          "instance": null,
          "key": "0",
          "nodeType": "function",
          "props": Object {
            "findDistrictByClick": undefined,
            "location": "COLORADO",
            "select": undefined,
            "stats": Object {
              "2004": 0.24,
              "2005": 0.278,
              "2006": 0.337,
              "2007": 0.395,
              "2008": 0.536,
              "2009": 0.598,
              "2010": 0.64,
              "2011": 0.672,
              "2012": 0.695,
              "2013": 0.703,
              "2014": 0.741,
            },
          },
          "ref": null,
          "rendered": null,
          "type": [Function],
        },
        Object {
          "instance": null,
          "key": "1",
          "nodeType": "function",
          "props": Object {
            "findDistrictByClick": undefined,
            "location": "ACADEMY 20",
            "select": undefined,
            "stats": Object {
              "2004": 0.302,
              "2005": 0.267,
              "2006": 0.354,
              "2007": 0.392,
              "2008": 0.385,
              "2009": 0.39,
              "2010": 0.436,
              "2011": 0.489,
              "2012": 0.479,
              "2013": 0.488,
              "2014": 0.49,
            },
          },
          "ref": null,
          "rendered": null,
          "type": [Function],
        },
      ],
      "type": "div",
    },
  ],
  Symbol(enzyme.__options__): Object {
    "adapter": ReactSixteenAdapter {
      "options": Object {
        "enableComponentDidUpdateOnSetState": true,
      },
    },
  },
}
`;
